<?xml version="1.0" encoding="UTF-8"?>
<testsuites name="jest tests" tests="3" failures="0" time="5.467">
  <testsuite name="Adding peers to the service and retrieving them" errors="0" failures="0" skipped="0" timestamp="2019-05-21T12:55:11" time="3.194" tests="3">
    <testcase classname="Adding peers to the service and retrieving them Should succeed" name="Adding peers to the service and retrieving them Should succeed" time="0.004">
    </testcase>
    <testcase classname="Adding peers to the service and retrieving them Should succeed" name="Adding peers to the service and retrieving them Should succeed" time="0.001">
    </testcase>
    <testcase classname="Retrieving peers of types that are not yet added Should throw an UnknownPeerTypeException" name="Retrieving peers of types that are not yet added Should throw an UnknownPeerTypeException" time="0.001">
    </testcase>
  </testsuite>
</testsuites>